
===== get_item_icon 호출: molotov =====
[PyInstaller 모드] 경로: C:\Users\woduq\AppData\Local\Temp\_MEI57602
[items 폴더 존재] 파일 목록: ['._aipill.png', '._battery.png', '._bluetooth_ring.png', '._bulkup.png', '._chargebag.png']
[파일명] molotov -> molotov.png
[시도] C:\Users\woduq\AppData\Local\Temp\_MEI57602\items\molotov.png
[파일 존재!] C:\Users\woduq\AppData\Local\Temp\_MEI57602\items\molotov.png
[성공] 아이콘 로드 완료: molotov

===== get_item_icon 호출: grenade =====
[PyInstaller 모드] 경로: C:\Users\woduq\AppData\Local\Temp\_MEI57602
[items 폴더 존재] 파일 목록: ['._aipill.png', '._battery.png', '._bluetooth_ring.png', '._bulkup.png', '._chargebag.png']
[파일명] grenade -> grenade.png
[시도] C:\Users\woduq\AppData\Local\Temp\_MEI57602\items\grenade.png
[파일 존재!] C:\Users\woduq\AppData\Local\Temp\_MEI57602\items\grenade.png
[성공] 아이콘 로드 완료: grenade

===== get_item_icon 호출: flare =====
[PyInstaller 모드] 경로: C:\Users\woduq\AppData\Local\Temp\_MEI57602
[items 폴더 존재] 파일 목록: ['._aipill.png', '._battery.png', '._bluetooth_ring.png', '._bulkup.png', '._chargebag.png']
[파일명] flare -> flare.png
[시도] C:\Users\woduq\AppData\Local\Temp\_MEI57602\items\flare.png
[파일 존재!] C:\Users\woduq\AppData\Local\Temp\_MEI57602\items\flare.png
[성공] 아이콘 로드 완료: flare

===== get_item_icon 호출: smoke_grenade =====
[PyInstaller 모드] 경로: C:\Users\woduq\AppData\Local\Temp\_MEI57602
[items 폴더 존재] 파일 목록: ['._aipill.png', '._battery.png', '._bluetooth_ring.png', '._bulkup.png', '._chargebag.png']
[파일명] smoke_grenade -> smoke_grenade.png
[시도] C:\Users\woduq\AppData\Local\Temp\_MEI57602\items\smoke_grenade.png
[파일 존재!] C:\Users\woduq\AppData\Local\Temp\_MEI57602\items\smoke_grenade.png
[성공] 아이콘 로드 완료: smoke_grenade

===== get_item_icon 호출: predictor =====
[PyInstaller 모드] 경로: C:\Users\woduq\AppData\Local\Temp\_MEI57602
[items 폴더 존재] 파일 목록: ['._aipill.png', '._battery.png', '._bluetooth_ring.png', '._bulkup.png', '._chargebag.png']
[파일명] predictor -> predictor.png
[시도] C:\Users\woduq\AppData\Local\Temp\_MEI57602\items\predictor.png
[파일 존재!] C:\Users\woduq\AppData\Local\Temp\_MEI57602\items\predictor.png
[성공] 아이콘 로드 완료: predictor

===== get_item_icon 호출: life_elixir =====
[PyInstaller 모드] 경로: C:\Users\woduq\AppData\Local\Temp\_MEI57602
[items 폴더 존재] 파일 목록: ['._aipill.png', '._battery.png', '._bluetooth_ring.png', '._bulkup.png', '._chargebag.png']
[파일명] life_elixir -> life_elixir.png
[시도] C:\Users\woduq\AppData\Local\Temp\_MEI57602\items\life_elixir.png
[파일 존재!] C:\Users\woduq\AppData\Local\Temp\_MEI57602\items\life_elixir.png
[성공] 아이콘 로드 완료: life_elixir

===== get_item_icon 호출: pandora_box =====
[PyInstaller 모드] 경로: C:\Users\woduq\AppData\Local\Temp\_MEI57602
[items 폴더 존재] 파일 목록: ['._aipill.png', '._battery.png', '._bluetooth_ring.png', '._bulkup.png', '._chargebag.png']
[파일명] pandora_box -> pandora_box.png
[시도] C:\Users\woduq\AppData\Local\Temp\_MEI57602\items\pandora_box.png
[파일 존재!] C:\Users\woduq\AppData\Local\Temp\_MEI57602\items\pandora_box.png
[성공] 아이콘 로드 완료: pandora_box

===== get_item_icon 호출: molotov =====
[캐시에서 반환] molotov

===== get_item_icon 호출: grenade =====
[캐시에서 반환] grenade

===== get_item_icon 호출: flare =====
[캐시에서 반환] flare

===== get_item_icon 호출: smoke_grenade =====
[캐시에서 반환] smoke_grenade

===== get_item_icon 호출: predictor =====
[캐시에서 반환] predictor

===== get_item_icon 호출: life_elixir =====
[캐시에서 반환] life_elixir

===== get_item_icon 호출: pandora_box =====
[캐시에서 반환] pandora_box

===== get_item_icon 호출: molotov =====
[캐시에서 반환] molotov

===== get_item_icon 호출: grenade =====
[캐시에서 반환] grenade

===== get_item_icon 호출: flare =====
[캐시에서 반환] flare

===== get_item_icon 호출: smoke_grenade =====
[캐시에서 반환] smoke_grenade

===== get_item_icon 호출: predictor =====
[캐시에서 반환] predictor

===== get_item_icon 호출: life_elixir =====
[캐시에서 반환] life_elixir

===== get_item_icon 호출: pandora_box =====
[캐시에서 반환] pandora_box

===== get_item_icon 호출: molotov =====
[캐시에서 반환] molotov

===== get_item_icon 호출: grenade =====
[캐시에서 반환] grenade

===== get_item_icon 호출: flare =====
[캐시에서 반환] flare

===== get_item_icon 호출: smoke_grenade =====
[캐시에서 반환] smoke_grenade

===== get_item_icon 호출: predictor =====
[캐시에서 반환] predictor

===== get_item_icon 호출: life_elixir =====
[캐시에서 반환] life_elixir

===== get_item_icon 호출: pandora_box =====
[캐시에서 반환] pandora_box
